[Log Record] 2026-07-27T15:27:32.053278 - Item: IMTT2500 (ID: 2) stock is now 5
[Log Record] 2026-07-27T17:05:43.099857 - Item: IMTT2500 (ID: 2) stock is now 4
[Log Record] 2026-07-27T17:05:45.214146 - Item: IMTT2500 (ID: 2) stock is now 3
[Log Record] 2026-07-27T17:05:45.706831 - Item: IMTT2500 (ID: 2) stock is now 4
[Log Record] 2026-07-27T17:05:46.864071 - Item: IMTT2500 (ID: 2) stock is now 3
[Log Record] 2026-07-27T17:07:59.046604 - Item: IMTT2500 (ID: 2) stock is now 4
[Log Record] 2026-07-27T17:07:59.137428 - Item: IMTT2500 (ID: 2) stock is now 5
[Log Record] 2026-07-27T17:08:00.751219 - Item: IMTT2500 (ID: 2) stock is now 4
[Log Record] 2026-07-27T17:08:01.631111 - Item: IMTT2500 (ID: 2) stock is now 5
[Log Record] 2026-07-27T17:08:02.057876 - Item: IMTT2500 (ID: 2) stock is now 6
[Log Record] 2026-07-27T17:08:10.754776 - Item: IMTT2500 (ID: 2) stock is now 5
[Log Record] 2026-07-27T17:08:10.968157 - Item: IMTT2500 (ID: 2) stock is now 4
[Log Record] 2026-07-27T20:19:40.819443 - Item: IMTT2500 (ID: 2) stock is now 3
[Log Record] 2026-07-27T20:20:31.858324 - Item: IMTT2200 (ID: 3) stock is now 0
[Log Record] 2026-07-27T20:20:40.543467 - Item: IT1560STT (ID: 4) stock is now 1
[Log Record] 2026-07-27T20:20:40.604507 - Item: IT1560STT (ID: 4) stock is now 1
[Log Record] 2026-07-27T20:26:10.162381 - Item: 825 (ID: 21) stock is now 1
[Log Record] 2026-07-27T20:27:16.333251 - Item: 1225 SW (ID: 22) stock is now 6199
[Log Record] 2026-07-27T20:27:16.383881 - Item: 1225 SW (ID: 22) stock is now 6199
[Log Record] 2026-07-27T20:27:16.579683 - Item: 1225 SW (ID: 22) stock is now 6198
[Log Record] 2026-07-27T20:27:16.748626 - Item: 1225 SW (ID: 22) stock is now 6197
[Log Record] 2026-07-27T20:27:16.932715 - Item: 1225 SW (ID: 22) stock is now 6196
[Log Record] 2026-07-27T20:27:25.467973 - Item: 1225 SW (ID: 22) stock is now 1
[Log Record] 2026-07-27T20:27:33.988580 - Item: 825 (ID: 21) stock is now 1
[Log Record] 2026-07-27T20:28:42.849749 - Item: 825 (ID: 21) stock is now 2
[Log Record] 2026-07-27T20:29:40.300129 - Item: 1225 SW (ID: 22) stock is now 1
[Log Record] 2026-07-27T20:29:51.157677 - Item: 825 SQ (ID: 21) stock is now 2
[Log Record] 2026-07-27T20:31:00.993450 - Item: NUS850 (ID: 24) stock is now 2
